/work/11034/atzanakak/work/11034/atzanakak/miniconda3/envs/grlm/lib/python3.10/site-packages/transformers/utils/hub.py:110: FutureWarning: Using `TRANSFORMERS_CACHE` is deprecated and will be removed in v5 of Transformers. Use `HF_HOME` instead.
  warnings.warn(
`torch_dtype` is deprecated! Use `dtype` instead!
Verifying E11 prereg lock before any forward pass ...
OK       PREREG_E11_scale_ladder.md  locked 2026-08-23T16:03:20+00:00
loading GenerTeam/GENERator-v2-prokaryote-3b-base@b18ac86df77359d894d7bc050cea78e2d0713021 ...
Loading checkpoint shards:   0%|          | 0/3 [00:00<?, ?it/s]Loading checkpoint shards:  33%|███▎      | 1/3 [00:01<00:02,  1.26s/it]Loading checkpoint shards:  67%|██████▋   | 2/3 [00:02<00:01,  1.22s/it]Loading checkpoint shards: 100%|██████████| 3/3 [00:02<00:00,  1.21it/s]Loading checkpoint shards: 100%|██████████| 3/3 [00:02<00:00,  1.07it/s]
A new version of the following files was downloaded from https://huggingface.co/GenerTeam/GENERator-v2-prokaryote-3b-base:
- tokenizer.py
. Make sure to double-check they do not contain any added malicious code. To avoid downloading new versions of the code file, you can pin a revision.
Tokenizer automatically loaded and configured for bp-level scoring
  loaded in 178.9s on cuda, dtype=float32
  gated-FFN verification (layer 0): gate_proj/up_proj/down_proj (separate SwiGLU-style projections)
  input token count: 85
  candidate layer=8 row=260 out_max=3.017e+04 ratio=257.27 ACCEPTED
  total_params=2998262784 embed_params=25362432 non_embed=2972900352
  candidate q1=0.934974 pr_spec=1.1439 frob_norm=52.1616
  control rows (seeded, layer 8): [4, 285, 1057, 1853, 2307]
    control row 4: q1=0.008751 pr_spec=708.1924 frob_norm=6.81588
    control row 285: q1=0.008107 pr_spec=722.7290 frob_norm=6.82626
    control row 1057: q1=0.008265 pr_spec=713.0222 frob_norm=6.81261
    control row 1853: q1=0.010947 pr_spec=683.9265 frob_norm=6.81118
    control row 2307: q1=0.009043 pr_spec=708.5611 frob_norm=6.66975
wrote /work/11034/atzanakak/glm_super_weight/genomic-super-weights/results/E11/raw/generator-prok-3b.json
