/scratch/11034/atzanakak/e12_env/venv/lib/python3.9/site-packages/transformers/utils/hub.py:110: FutureWarning: Using `TRANSFORMERS_CACHE` is deprecated and will be removed in v5 of Transformers. Use `HF_HOME` instead.
  warnings.warn(
[2026-08-24 07:31:47] === E12 run start (SMOKE=False) ===
[2026-08-24 07:31:47] loading GENERator EUK 3B ...
A new version of the following files was downloaded from https://huggingface.co/GenerTeam/GENERator-v2-eukaryote-3b-base:
- tokenizer.py
. Make sure to double-check they do not contain any added malicious code. To avoid downloading new versions of the code file, you can pin a revision.
`torch_dtype` is deprecated! Use `dtype` instead!
A new version of the following files was downloaded from https://huggingface.co/GenerTeam/GENERator-v2-eukaryote-3b-base:
- modeling_generator.py
. Make sure to double-check they do not contain any added malicious code. To avoid downloading new versions of the code file, you can pin a revision.
Loading checkpoint shards:   0%|          | 0/3 [00:00<?, ?it/s]Loading checkpoint shards:  33%|███▎      | 1/3 [01:57<03:54, 117.39s/it]Loading checkpoint shards:  67%|██████▋   | 2/3 [04:11<02:06, 126.97s/it]Loading checkpoint shards: 100%|██████████| 3/3 [04:53<00:00, 88.19s/it] Loading checkpoint shards: 100%|██████████| 3/3 [04:53<00:00, 97.70s/it]
A new version of the following files was downloaded from https://huggingface.co/GenerTeam/GENERator-v2-eukaryote-3b-base:
- tokenizer.py
. Make sure to double-check they do not contain any added malicious code. To avoid downloading new versions of the code file, you can pin a revision.
Tokenizer automatically loaded and configured for bp-level scoring
[2026-08-24 07:37:38] model loaded in 351.6s
[2026-08-24 07:37:38] down_proj shape = (3072, 8448) (nrows=3072, intermediate_size=8448)
[2026-08-24 07:37:38] control rows (C-045-reproducing): [2621, 456, 102, 3039, 1126]
[2026-08-24 07:37:38] reusing cached corpora: {'base_seed': 42, 'repartition_tries': 0, 'n_regions_total': 50000, 'partition_seed_used': 42, 'n_prompt': 96, 'n_damage': 100}
[2026-08-24 07:37:38] === B3 step 1-3: damage measurement + matching ===
[2026-08-24 07:37:38] damage target D(2371, alpha=0) = 8.754320
[2026-08-24 07:37:38] === B1/B2/B3-step4: generation work plan ===
[2026-08-24 07:37:39] gen plan: 90 conditions total, 90 already checkpointed
[2026-08-24 07:42:08]   [88/90] matched_random_direction|kind=direction|row=2371|value=0.0125|seed=42|sample=True done in 269.6s (mean GC=0.3083)
[2026-08-24 07:46:00]   [89/90] matched_random_direction|kind=direction|row=2371|value=0.0125|seed=43|sample=True done in 231.4s (mean GC=0.3075)
[2026-08-24 07:49:50]   [90/90] matched_random_direction|kind=direction|row=2371|value=0.0125|seed=44|sample=True done in 230.0s (mean GC=0.3048)
[2026-08-24 07:49:50] === building outputs ===
[2026-08-24 07:49:51] wrote /work/11034/atzanakak/glm_super_weight/genomic-super-weights/results/E12/dose_response_extended.csv
[2026-08-24 07:49:51] wrote /work/11034/atzanakak/glm_super_weight/genomic-super-weights/results/E12/damage_matching.csv
[2026-08-24 07:49:51] wrote /work/11034/atzanakak/glm_super_weight/genomic-super-weights/results/E12/kmer_attribution.csv (fraction attributable to longest homopolymer = 0.039282148311121534)
[2026-08-24 07:50:06] wrote /work/11034/atzanakak/glm_super_weight/genomic-super-weights/figures/E12/gc_vs_damage.pdf
[2026-08-24 07:50:09] wrote /work/11034/atzanakak/glm_super_weight/genomic-super-weights/figures/E12/generation_quality.pdf
[2026-08-24 07:50:09] wrote /work/11034/atzanakak/glm_super_weight/genomic-super-weights/results/E12/E12_summary.md
[2026-08-24 07:50:10] === E12 run COMPLETE ===
