/work/11034/atzanakak/ls6/nonbdna/cache/hf/modules/transformers_modules/zhihan1996/DNABERT_hyphen_2_hyphen_117M/7bce263b15377fc15361f52cfab88f8b586abda0/bert_layers.py:127: UserWarning: Unable to import Triton; defaulting MosaicBERT attention implementation to pytorch (this will reduce throughput when using this model).
  warnings.warn(
Loading weights:   0%|          | 0/142 [00:00<?, ?it/s]Loading weights: 100%|██████████| 142/142 [00:00<00:00, 10431.22it/s]
[transformers] `use_return_dict` is deprecated! Use `return_dict` instead!
{
  "output": "/work/11034/atzanakak/glm_super_weight/genomic-super-weights/results/E13_dnabert2_reproducibility/eager_specials.json",
  "target": {
    "layer": 5,
    "row": 603,
    "activation_max": 944.5556030273438,
    "activation_median": 6.184295654296875,
    "detector_ratio": 152.73454825386017,
    "ratio_rank": 8,
    "activation_rank": 1,
    "passes": true
  },
  "k": 89,
  "global_max_ratio": {
    "layer": 8,
    "row": 603,
    "activation_max": 240.3868408203125,
    "activation_median": 0.7959250211715698,
    "detector_ratio": 302.02196742913384,
    "ratio_rank": 1,
    "activation_rank": 15
  },
  "global_max_activation": {
    "layer": 5,
    "row": 603,
    "activation_max": 944.5556030273438,
    "activation_median": 6.184295654296875,
    "detector_ratio": 152.73454825386017,
    "ratio_rank": 8,
    "activation_rank": 1
  }
}
