
[broadcast:generator_prokaryote] sw_layer=2  sw_row=1927
[broadcast:generator_prokaryote] loading model …
/work/11034/atzanakak/work/11034/atzanakak/miniconda3/envs/grlm/lib/python3.10/site-packages/transformers/utils/hub.py:110: FutureWarning: Using `TRANSFORMERS_CACHE` is deprecated and will be removed in v5 of Transformers. Use `HF_HOME` instead.
  warnings.warn(
A new version of the following files was downloaded from https://huggingface.co/GenerTeam/GENERator-v2-prokaryote-3b-base:
- tokenizer.py
. Make sure to double-check they do not contain any added malicious code. To avoid downloading new versions of the code file, you can pin a revision.
`torch_dtype` is deprecated! Use `dtype` instead!
A new version of the following files was downloaded from https://huggingface.co/GenerTeam/GENERator-v2-prokaryote-3b-base:
- modeling_generator.py
. Make sure to double-check they do not contain any added malicious code. To avoid downloading new versions of the code file, you can pin a revision.
Loading checkpoint shards:   0%|          | 0/3 [00:00<?, ?it/s]Loading checkpoint shards:  33%|███▎      | 1/3 [02:03<04:07, 123.64s/it]Loading checkpoint shards:  67%|██████▋   | 2/3 [02:32<01:07, 67.65s/it] Loading checkpoint shards: 100%|██████████| 3/3 [02:43<00:00, 42.16s/it]Loading checkpoint shards: 100%|██████████| 3/3 [02:43<00:00, 54.64s/it]
A new version of the following files was downloaded from https://huggingface.co/GenerTeam/GENERator-v2-prokaryote-3b-base:
- tokenizer.py
. Make sure to double-check they do not contain any added malicious code. To avoid downloading new versions of the code file, you can pin a revision.
Tokenizer automatically loaded and configured for bp-level scoring
[broadcast:generator_prokaryote] n_tokens=173  n_layers=30
[broadcast:generator_prokaryote] sw_pos=0  d_model=3072
[broadcast:generator_prokaryote] [primary] eps = alpha*std_AC = 0.01 * 1.6849e+00 = 1.6849e-02
[broadcast:generator_prokaryote] param dtype = torch.float32
[broadcast:generator_prokaryote] KL_sw=0.0000e+00   under-powered layers: 0/27
  layer   3  T_mean=1.4729e-02  C=+0.9177  headroom=1.1e+03x
  layer   4  T_mean=3.0336e-02  C=+0.4281  headroom=276x
  layer   5  T_mean=4.5918e-02  C=+0.2553  headroom=34.5x
  layer   6  T_mean=5.2255e-02  C=+0.2665  headroom=17.3x
  layer   7  T_mean=6.1873e-02  C=+0.2874  headroom=8.63x
  layer   8  T_mean=7.2945e-02  C=+0.4094  headroom=4.31x
  layer   9  T_mean=8.8066e-02  C=+0.4094  headroom=4.31x
  layer  10  T_mean=1.0582e-01  C=+0.4093  headroom=4.31x
  layer  11  T_mean=1.2277e-01  C=+0.4092  headroom=4.31x
  layer  12  T_mean=1.3669e-01  C=+0.4092  headroom=4.31x
  layer  13  T_mean=1.5226e-01  C=+0.4034  headroom=4.31x
  layer  14  T_mean=1.6973e-01  C=+0.4034  headroom=4.31x
  layer  15  T_mean=1.8823e-01  C=-0.0275  headroom=4.31x
  layer  16  T_mean=2.0637e-01  C=-0.0270  headroom=4.31x
  layer  17  T_mean=2.2538e-01  C=-0.0288  headroom=4.31x
  layer  18  T_mean=2.4846e-01  C=-0.0169  headroom=4.31x
  layer  19  T_mean=2.7227e-01  C=-0.0022  headroom=4.31x
  layer  20  T_mean=3.0090e-01  C=-0.0059  headroom=4.31x
  layer  21  T_mean=3.3762e-01  C=-0.0129  headroom=4.31x
  layer  22  T_mean=3.9211e-01  C=+0.0107  headroom=4.31x
  layer  23  T_mean=4.5118e-01  C=+0.0067  headroom=4.31x
  layer  24  T_mean=5.3863e-01  C=+0.0084  headroom=4.31x
  layer  25  T_mean=6.7588e-01  C=+0.0204  headroom=4.31x
  layer  26  T_mean=8.2402e-01  C=+0.0115  headroom=4.31x
  layer  27  T_mean=9.3034e-01  C=+0.0063  headroom=4.31x
  layer  28  T_mean=1.1391e+00  C=+0.0063  headroom=4.31x
  layer  29  T_mean=6.1819e+00  C=+0.0056  headroom=4.31x
[broadcast:generator_prokaryote] matched-norm band: |W_down[k,:]|=2.2710e+00, 3063 rows within +/-10%

[broadcast:generator_prokaryote] sw_layer=2  sw_row=1927
[broadcast:generator_prokaryote] loading model …
A new version of the following files was downloaded from https://huggingface.co/GenerTeam/GENERator-v2-prokaryote-3b-base:
- tokenizer.py
. Make sure to double-check they do not contain any added malicious code. To avoid downloading new versions of the code file, you can pin a revision.
A new version of the following files was downloaded from https://huggingface.co/GenerTeam/GENERator-v2-prokaryote-3b-base:
- modeling_generator.py
. Make sure to double-check they do not contain any added malicious code. To avoid downloading new versions of the code file, you can pin a revision.
Loading checkpoint shards:   0%|          | 0/3 [00:00<?, ?it/s]Loading checkpoint shards:  33%|███▎      | 1/3 [00:28<00:57, 28.88s/it]Loading checkpoint shards:  67%|██████▋   | 2/3 [00:57<00:28, 28.67s/it]Loading checkpoint shards: 100%|██████████| 3/3 [01:09<00:00, 20.93s/it]Loading checkpoint shards: 100%|██████████| 3/3 [01:09<00:00, 23.04s/it]
A new version of the following files was downloaded from https://huggingface.co/GenerTeam/GENERator-v2-prokaryote-3b-base:
- tokenizer.py
. Make sure to double-check they do not contain any added malicious code. To avoid downloading new versions of the code file, you can pin a revision.
Tokenizer automatically loaded and configured for bp-level scoring
[broadcast:generator_prokaryote] n_tokens=173  n_layers=30
[broadcast:generator_prokaryote] sw_pos=0  d_model=3072
[broadcast:generator_prokaryote] [secondary] eps = alpha*std_AC = 1.0 * 1.6849e+00 = 1.6849e+00
[broadcast:generator_prokaryote] param dtype = torch.float32
[broadcast:generator_prokaryote] KL_sw=9.9404e-07   under-powered layers: 0/27
  layer   3  T_mean=1.4509e-02  C=+0.9172  headroom=1.1e+05x
  layer   4  T_mean=3.0081e-02  C=+0.4209  headroom=2.76e+04x
  layer   5  T_mean=4.4880e-02  C=+0.2624  headroom=3.45e+03x
  layer   6  T_mean=5.0568e-02  C=+0.2821  headroom=1.73e+03x
  layer   7  T_mean=5.9922e-02  C=+0.3063  headroom=863x
  layer   8  T_mean=7.0889e-02  C=+0.4300  headroom=431x
  layer   9  T_mean=8.5528e-02  C=+0.4289  headroom=431x
  layer  10  T_mean=1.0234e-01  C=+0.4286  headroom=431x
  layer  11  T_mean=1.1753e-01  C=+0.4285  headroom=431x
  layer  12  T_mean=1.3034e-01  C=+0.4284  headroom=431x
  layer  13  T_mean=1.4457e-01  C=+0.4283  headroom=431x
  layer  14  T_mean=1.6078e-01  C=-0.0202  headroom=431x
  layer  15  T_mean=1.7718e-01  C=-0.0273  headroom=431x
  layer  16  T_mean=1.9322e-01  C=-0.0270  headroom=431x
  layer  17  T_mean=2.0986e-01  C=-0.0291  headroom=431x
  layer  18  T_mean=2.3014e-01  C=-0.0174  headroom=431x
  layer  19  T_mean=2.5072e-01  C=-0.0028  headroom=431x
  layer  20  T_mean=2.7517e-01  C=-0.0063  headroom=431x
  layer  21  T_mean=3.0656e-01  C=-0.0133  headroom=431x
  layer  22  T_mean=3.5809e-01  C=+0.0106  headroom=431x
  layer  23  T_mean=4.1114e-01  C=+0.0064  headroom=431x
  layer  24  T_mean=4.9246e-01  C=+0.0083  headroom=431x
  layer  25  T_mean=6.3163e-01  C=+0.0209  headroom=431x
  layer  26  T_mean=7.8337e-01  C=+0.0120  headroom=431x
  layer  27  T_mean=8.8669e-01  C=+0.0068  headroom=431x
  layer  28  T_mean=1.0919e+00  C=+0.0067  headroom=431x
  layer  29  T_mean=6.1957e+00  C=+0.0055  headroom=431x
[broadcast:generator_prokaryote] matched-norm band: |W_down[k,:]|=2.2710e+00, 3063 rows within +/-10%

  Results saved → /work/11034/atzanakak/glm_super_weight/genomic-super-weights/results/sw_broadcast_impulse.json
  Plot saved → /work/11034/atzanakak/glm_super_weight/genomic-super-weights/results/sw_broadcast_impulse.png
  Heatmap saved → /work/11034/atzanakak/glm_super_weight/genomic-super-weights/results/sw_broadcast_heatmap_generator.png
  Heatmap saved → /work/11034/atzanakak/glm_super_weight/genomic-super-weights/results/sw_broadcast_heatmap_generator_prokaryote.png
  Heatmap saved → /work/11034/atzanakak/glm_super_weight/genomic-super-weights/results/sw_broadcast_heatmap_dnabert2.png
  Heatmap saved → /work/11034/atzanakak/glm_super_weight/genomic-super-weights/results/sw_broadcast_heatmap_evo1_fixed_eps_SUPERSEDED.png
  Heatmap saved → /work/11034/atzanakak/glm_super_weight/genomic-super-weights/results/sw_broadcast_heatmap_generator__alpha1.png
  Heatmap saved → /work/11034/atzanakak/glm_super_weight/genomic-super-weights/results/sw_broadcast_heatmap_generator_prokaryote__alpha1.png
