
[broadcast:dnabert2] sw_layer=5  sw_row=603
[broadcast:dnabert2] loading model …
/work/11034/atzanakak/work/11034/atzanakak/miniconda3/envs/grlm/lib/python3.10/site-packages/transformers/utils/hub.py:110: FutureWarning: Using `TRANSFORMERS_CACHE` is deprecated and will be removed in v5 of Transformers. Use `HF_HOME` instead.
  warnings.warn(
`torch_dtype` is deprecated! Use `dtype` instead!
[dnabert2] eager attention forced in transformers_modules.zhihan1996.DNABERT_hyphen_2_hyphen_117M.7bce263b15377fc15361f52cfab88f8b586abda0.bert_layers (patched=True); Triton flash-attn disabled
[broadcast:dnabert2] n_tokens=116  n_layers=12
[broadcast:dnabert2] sw_pos=0  d_model=768
[broadcast:dnabert2] [primary] eps = alpha*std_AC = 0.01 * 3.7666e-01 = 3.7666e-03
[broadcast:dnabert2] param dtype = torch.float32
[broadcast:dnabert2] KL_sw=1.8243e-08   under-powered layers: 0/6
  layer   6  T_mean=6.4375e-01  C=+0.0331  headroom=7.9e+03x
  layer   7  T_mean=8.0085e-01  C=+0.0047  headroom=3.95e+03x
  layer   8  T_mean=7.1152e-01  C=-0.0238  headroom=3.95e+03x
  layer   9  T_mean=6.1294e-01  C=+0.0120  headroom=3.95e+03x
  layer  10  T_mean=4.6173e-01  C=+0.0625  headroom=7.9e+03x
  layer  11  T_mean=1.9694e-01  C=-0.0221  headroom=1.58e+04x
[broadcast:dnabert2] matched-norm band: |W_down[k,:]|=5.1931e+00, 0 rows within +/-10%

[broadcast:dnabert2] sw_layer=5  sw_row=603
[broadcast:dnabert2] loading model …
/work/11034/atzanakak/ls6/huggingface/.hf-cache/modules/transformers_modules/zhihan1996/DNABERT_hyphen_2_hyphen_117M/7bce263b15377fc15361f52cfab88f8b586abda0/bert_layers.py:126: UserWarning: Unable to import Triton; defaulting MosaicBERT attention implementation to pytorch (this will reduce throughput when using this model).
  warnings.warn(
[dnabert2] eager attention forced in transformers_modules.zhihan1996.DNABERT_hyphen_2_hyphen_117M.7bce263b15377fc15361f52cfab88f8b586abda0.bert_layers (patched=False); Triton flash-attn disabled
[dnabert2] WARNING: bert_layers module not found or already patched; attention kernel unchanged
[broadcast:dnabert2] n_tokens=116  n_layers=12
[broadcast:dnabert2] sw_pos=0  d_model=768
[broadcast:dnabert2] [secondary] eps = alpha*std_AC = 1.0 * 3.7666e-01 = 3.7666e-01
[broadcast:dnabert2] param dtype = torch.float32
[broadcast:dnabert2] KL_sw=4.6270e-05   under-powered layers: 0/6
  layer   6  T_mean=6.1683e-01  C=+0.0425  headroom=7.9e+05x
  layer   7  T_mean=7.9598e-01  C=+0.0057  headroom=3.95e+05x
  layer   8  T_mean=7.0593e-01  C=-0.0228  headroom=3.95e+05x
  layer   9  T_mean=6.0045e-01  C=+0.0098  headroom=3.95e+05x
  layer  10  T_mean=4.5181e-01  C=+0.0527  headroom=7.9e+05x
  layer  11  T_mean=1.9362e-01  C=-0.0168  headroom=1.58e+06x
[broadcast:dnabert2] matched-norm band: |W_down[k,:]|=5.1931e+00, 0 rows within +/-10%

  Results saved → /work/11034/atzanakak/glm_super_weight/genomic-super-weights/results/sw_broadcast_impulse.json
  Plot saved → /work/11034/atzanakak/glm_super_weight/genomic-super-weights/results/sw_broadcast_impulse.png
  Heatmap saved → /work/11034/atzanakak/glm_super_weight/genomic-super-weights/results/sw_broadcast_heatmap_generator.png
  Heatmap saved → /work/11034/atzanakak/glm_super_weight/genomic-super-weights/results/sw_broadcast_heatmap_generator_prokaryote.png
  Heatmap saved → /work/11034/atzanakak/glm_super_weight/genomic-super-weights/results/sw_broadcast_heatmap_dnabert2.png
  Heatmap saved → /work/11034/atzanakak/glm_super_weight/genomic-super-weights/results/sw_broadcast_heatmap_evo1_fixed_eps_SUPERSEDED.png
  Heatmap saved → /work/11034/atzanakak/glm_super_weight/genomic-super-weights/results/sw_broadcast_heatmap_generator__alpha1.png
  Heatmap saved → /work/11034/atzanakak/glm_super_weight/genomic-super-weights/results/sw_broadcast_heatmap_generator_prokaryote__alpha1.png
  Heatmap saved → /work/11034/atzanakak/glm_super_weight/genomic-super-weights/results/sw_broadcast_heatmap_dnabert2__alpha1.png
