
[broadcast:generator] sw_layer=4  sw_row=2371
[broadcast:generator] loading model …
/work/11034/atzanakak/work/11034/atzanakak/miniconda3/envs/grlm/lib/python3.10/site-packages/transformers/utils/hub.py:110: FutureWarning: Using `TRANSFORMERS_CACHE` is deprecated and will be removed in v5 of Transformers. Use `HF_HOME` instead.
  warnings.warn(
A new version of the following files was downloaded from https://huggingface.co/GenerTeam/GENERator-v2-eukaryote-3b-base:
- tokenizer.py
. Make sure to double-check they do not contain any added malicious code. To avoid downloading new versions of the code file, you can pin a revision.
`torch_dtype` is deprecated! Use `dtype` instead!
A new version of the following files was downloaded from https://huggingface.co/GenerTeam/GENERator-v2-eukaryote-3b-base:
- modeling_generator.py
. Make sure to double-check they do not contain any added malicious code. To avoid downloading new versions of the code file, you can pin a revision.
Loading checkpoint shards:   0%|          | 0/3 [00:00<?, ?it/s]Loading checkpoint shards:  33%|███▎      | 1/3 [01:54<03:48, 114.28s/it]Loading checkpoint shards:  67%|██████▋   | 2/3 [04:31<02:19, 139.52s/it]Loading checkpoint shards: 100%|██████████| 3/3 [05:06<00:00, 91.83s/it] Loading checkpoint shards: 100%|██████████| 3/3 [05:06<00:00, 102.18s/it]
A new version of the following files was downloaded from https://huggingface.co/GenerTeam/GENERator-v2-eukaryote-3b-base:
- tokenizer.py
. Make sure to double-check they do not contain any added malicious code. To avoid downloading new versions of the code file, you can pin a revision.
Tokenizer automatically loaded and configured for bp-level scoring
[broadcast:generator] n_tokens=84  n_layers=30
[broadcast:generator] sw_pos=0  d_model=3072
[broadcast:generator] [primary] eps = alpha*std_AC = 0.01 * 9.3671e+02 = 9.3671e+00
[broadcast:generator] param dtype = torch.float32
[broadcast:generator] KL_sw=0.0000e+00   under-powered layers: 0/25
  layer   5  T_mean=1.1954e-02  C=+1.0000  headroom=300x
  layer   6  T_mean=1.1973e-02  C=+1.0000  headroom=300x
  layer   7  T_mean=1.1982e-02  C=+1.0000  headroom=300x
  layer   8  T_mean=1.2005e-02  C=+1.0000  headroom=300x
  layer   9  T_mean=1.2015e-02  C=+1.0000  headroom=300x
  layer  10  T_mean=1.2033e-02  C=+1.0000  headroom=300x
  layer  11  T_mean=1.2058e-02  C=+1.0000  headroom=300x
  layer  12  T_mean=1.2089e-02  C=+1.0000  headroom=300x
  layer  13  T_mean=1.2174e-02  C=+1.0000  headroom=300x
  layer  14  T_mean=1.2248e-02  C=+1.0000  headroom=300x
  layer  15  T_mean=1.2310e-02  C=+1.0000  headroom=300x
  layer  16  T_mean=1.2355e-02  C=+1.0000  headroom=300x
  layer  17  T_mean=1.2399e-02  C=+1.0000  headroom=300x
  layer  18  T_mean=1.2439e-02  C=+1.0000  headroom=300x
  layer  19  T_mean=1.2473e-02  C=+1.0000  headroom=300x
  layer  20  T_mean=1.2522e-02  C=+1.0000  headroom=300x
  layer  21  T_mean=1.2564e-02  C=+1.0000  headroom=300x
  layer  22  T_mean=1.2621e-02  C=+1.0000  headroom=300x
  layer  23  T_mean=1.2686e-02  C=+1.0000  headroom=300x
  layer  24  T_mean=1.2820e-02  C=+1.0000  headroom=300x
  layer  25  T_mean=1.3210e-02  C=+1.0000  headroom=300x
  layer  26  T_mean=1.4258e-02  C=+1.0000  headroom=300x
  layer  27  T_mean=1.5893e-02  C=+1.0000  headroom=300x
  layer  28  T_mean=1.9098e-02  C=+1.0000  headroom=300x
  layer  29  T_mean=3.7912e-02  C=+0.9911  headroom=300x
[broadcast:generator] matched-norm band: |W_down[k,:]|=1.4260e+01, 0 rows within +/-10%

[broadcast:generator] sw_layer=4  sw_row=2371
[broadcast:generator] loading model …
A new version of the following files was downloaded from https://huggingface.co/GenerTeam/GENERator-v2-eukaryote-3b-base:
- tokenizer.py
. Make sure to double-check they do not contain any added malicious code. To avoid downloading new versions of the code file, you can pin a revision.
A new version of the following files was downloaded from https://huggingface.co/GenerTeam/GENERator-v2-eukaryote-3b-base:
- modeling_generator.py
. Make sure to double-check they do not contain any added malicious code. To avoid downloading new versions of the code file, you can pin a revision.
Loading checkpoint shards:   0%|          | 0/3 [00:00<?, ?it/s]Loading checkpoint shards:  33%|███▎      | 1/3 [00:29<00:59, 29.61s/it]Loading checkpoint shards:  67%|██████▋   | 2/3 [00:58<00:29, 29.13s/it]Loading checkpoint shards: 100%|██████████| 3/3 [01:10<00:00, 21.15s/it]Loading checkpoint shards: 100%|██████████| 3/3 [01:10<00:00, 23.36s/it]
A new version of the following files was downloaded from https://huggingface.co/GenerTeam/GENERator-v2-eukaryote-3b-base:
- tokenizer.py
. Make sure to double-check they do not contain any added malicious code. To avoid downloading new versions of the code file, you can pin a revision.
Tokenizer automatically loaded and configured for bp-level scoring
[broadcast:generator] n_tokens=84  n_layers=30
[broadcast:generator] sw_pos=0  d_model=3072
[broadcast:generator] [secondary] eps = alpha*std_AC = 1.0 * 9.3671e+02 = 9.3671e+02
[broadcast:generator] param dtype = torch.float32
[broadcast:generator] KL_sw=3.4351e-06   under-powered layers: 0/25
  layer   5  T_mean=1.1944e-02  C=+1.0000  headroom=3e+04x
  layer   6  T_mean=1.1962e-02  C=+1.0000  headroom=3e+04x
  layer   7  T_mean=1.1970e-02  C=+1.0000  headroom=3e+04x
  layer   8  T_mean=1.1995e-02  C=+1.0000  headroom=3e+04x
  layer   9  T_mean=1.2002e-02  C=+1.0000  headroom=3e+04x
  layer  10  T_mean=1.2017e-02  C=+1.0000  headroom=3e+04x
  layer  11  T_mean=1.2038e-02  C=+1.0000  headroom=3e+04x
  layer  12  T_mean=1.2066e-02  C=+1.0000  headroom=3e+04x
  layer  13  T_mean=1.2150e-02  C=+1.0000  headroom=3e+04x
  layer  14  T_mean=1.2221e-02  C=+1.0000  headroom=3e+04x
  layer  15  T_mean=1.2278e-02  C=+1.0000  headroom=3e+04x
  layer  16  T_mean=1.2321e-02  C=+1.0000  headroom=3e+04x
  layer  17  T_mean=1.2364e-02  C=+1.0000  headroom=3e+04x
  layer  18  T_mean=1.2402e-02  C=+1.0000  headroom=3e+04x
  layer  19  T_mean=1.2434e-02  C=+1.0000  headroom=3e+04x
  layer  20  T_mean=1.2483e-02  C=+1.0000  headroom=3e+04x
  layer  21  T_mean=1.2524e-02  C=+1.0000  headroom=3e+04x
  layer  22  T_mean=1.2580e-02  C=+1.0000  headroom=3e+04x
  layer  23  T_mean=1.2641e-02  C=+1.0000  headroom=3e+04x
  layer  24  T_mean=1.2773e-02  C=+1.0000  headroom=3e+04x
  layer  25  T_mean=1.3155e-02  C=+1.0000  headroom=3e+04x
  layer  26  T_mean=1.4189e-02  C=+1.0000  headroom=3e+04x
  layer  27  T_mean=1.5813e-02  C=+1.0000  headroom=3e+04x
  layer  28  T_mean=1.8977e-02  C=+1.0000  headroom=3e+04x
  layer  29  T_mean=3.7090e-02  C=+0.9912  headroom=3e+04x
[broadcast:generator] matched-norm band: |W_down[k,:]|=1.4260e+01, 0 rows within +/-10%

  Results saved → /work/11034/atzanakak/glm_super_weight/genomic-super-weights/results/sw_broadcast_impulse.json
  Plot saved → /work/11034/atzanakak/glm_super_weight/genomic-super-weights/results/sw_broadcast_impulse.png
  Heatmap saved → /work/11034/atzanakak/glm_super_weight/genomic-super-weights/results/sw_broadcast_heatmap_generator.png
  Heatmap saved → /work/11034/atzanakak/glm_super_weight/genomic-super-weights/results/sw_broadcast_heatmap_generator_prokaryote.png
  Heatmap saved → /work/11034/atzanakak/glm_super_weight/genomic-super-weights/results/sw_broadcast_heatmap_dnabert2.png
  Heatmap saved → /work/11034/atzanakak/glm_super_weight/genomic-super-weights/results/sw_broadcast_heatmap_evo1_fixed_eps_SUPERSEDED.png
  Heatmap saved → /work/11034/atzanakak/glm_super_weight/genomic-super-weights/results/sw_broadcast_heatmap_generator__alpha1.png
